=== FM: StorePipe (mode=signoff-strict) ===
FM_TOP=StorePipe \
FM_MODE=signoff-strict \
FM_REF_SRCS="/tmp/tmp.qjam9LI6Ls/golden-overlay/StorePipe.sv  " \
FM_IMPL_SRCS="/tmp/tmp.qjam9LI6Ls/wt/rtl/memblock/storepipe_pkg.sv /tmp/tmp.qjam9LI6Ls/wt/rtl/memblock/StorePipe.sv /tmp/tmp.qjam9LI6Ls/wt/rtl/memblock/StorePipe_wrapper.sv" \
 \
FM_VERIFY_MATCHED_UNREAD_COMPARE_POINTS=true \
 \
 \
 \
FM_PIN_TCL=/tmp/tmp.qjam9LI6Ls/wt/verif/ut/StorePipe/fm_pins.tcl \
FM_SEMANTIC_SURFACE_TOP=StorePipe_surface \
FM_SEMANTIC_SURFACE_REF_SV=/tmp/tmp.qjam9LI6Ls/StorePipe_ref_surface.sv \
FM_SEMANTIC_SURFACE_IMPL_SV=/tmp/tmp.qjam9LI6Ls/StorePipe_impl_surface.sv \
fm_shell -64 -work_path fm_work/StorePipe -file /tmp/tmp.qjam9LI6Ls/wt/scripts/fm_eq.tcl \
    > fm_work/StorePipe/fm.log 2>&1; \
rc=$?; \
if [ -n "$FM_SIDECAR_OUT" ]; then echo $rc > "$FM_SIDECAR_OUT/fm_shell.rc"; fi; \
python3 /tmp/tmp.qjam9LI6Ls/wt/scripts/fm_verdict.py fm_work/StorePipe/fm.log --rc $rc --mode signoff-strict --top StorePipe --allowlist 0
ERROR	{"passing": null, "failing": null, "unverified": null, "unmatched": null, "aborted": null, "unread": null, "blackbox_out": null, "markers": 1, "make_rc": 0, "mode": "signoff-strict", "native": null, "top": "StorePipe_surface", "dont_verify": false, "elab147": false, "reason": "wrong_top:StorePipe_surface!=StorePipe"}
make: *** [../../../scripts/ut_common.mk:60: fm-StorePipe] Error 1
