=== FM: NCB200_1 (mode=assembly) ===
FM_TOP=NCB200_1 \
FM_MODE=assembly \
FM_REF_SRCS="/home/eda/xs-env/G0-canonical/golden-rtl/NCB200_1.sv /home/eda/xs-env/G0-canonical/golden-rtl/CHILinkActiveManagerRX.sv /home/eda/xs-env/G0-canonical/golden-rtl/CHILinkActiveManagerTX.sv /home/eda/xs-env/G0-canonical/golden-rtl/NCBOrderAddressCAM_1.sv /home/eda/xs-env/G0-canonical/golden-rtl/NCBTransactionFreeList_1.sv /home/eda/xs-env/G0-canonical/golden-rtl/NCBTransactionAgeMatrix_1.sv /home/eda/xs-env/G0-canonical/golden-rtl/NCBTransactionQueue_1.sv /home/eda/xs-env/G0-canonical/golden-rtl/NCBTransactionPayload_1.sv /home/eda/xs-env/G0-canonical/golden-rtl/NCBUpstreamRXREQ_1.sv /home/eda/xs-env/G0-canonical/golden-rtl/NCBUpstreamRXDAT_1.sv /home/eda/xs-env/G0-canonical/golden-rtl/NCBUpstreamTXRSP_1.sv /home/eda/xs-env/G0-canonical/golden-rtl/NCBUpstreamTXDAT_1.sv /home/eda/xs-env/G0-canonical/golden-rtl/NCBDownstreamAW_1.sv /home/eda/xs-env/G0-canonical/golden-rtl/NCBDownstreamW_1.sv /home/eda/xs-env/G0-canonical/golden-rtl/NCBDownstreamB_1.sv /home/eda/xs-env/G0-canonical/golden-rtl/NCBDownstreamAR_1.sv /home/eda/xs-env/G0-canonical/golden-rtl/NCBDownstreamR_1.sv /home/eda/xs-env/G0-canonical/golden-rtl/CHILinkCreditManagerRX.sv /home/eda/xs-env/G0-canonical/golden-rtl/CHILinkCreditManagerRX_1.sv /home/eda/xs-env/G0-canonical/golden-rtl/CHILinkCreditManagerTX.sv /home/eda/xs-env/G0-canonical/golden-rtl/Decoder.sv /home/eda/xs-env/G0-canonical/golden-rtl/Decoder_1.sv /home/eda/xs-env/G0-canonical/golden-rtl/NCBTransactionIndexFIFO_3.sv /home/eda/xs-env/G0-canonical/golden-rtl/ProvideBuffer.sv /home/eda/xs-env/G0-canonical/golden-rtl/SpillRegister_2.sv /home/eda/xs-env/G0-canonical/golden-rtl/SpillRegister_6.sv /home/eda/xs-env/G0-canonical/golden-rtl/SpillRegister_7.sv " \
FM_IMPL_SRCS="/tmp/tmp.a0odWEVl1n/wt/rtl/uncore/NCB200_1.sv /tmp/tmp.a0odWEVl1n/wt/rtl/uncore/NCB200_1_wrapper.sv /home/eda/xs-env/G0-canonical/golden-rtl/CHILinkActiveManagerRX.sv /home/eda/xs-env/G0-canonical/golden-rtl/CHILinkActiveManagerTX.sv /home/eda/xs-env/G0-canonical/golden-rtl/NCBOrderAddressCAM_1.sv /home/eda/xs-env/G0-canonical/golden-rtl/NCBTransactionFreeList_1.sv /home/eda/xs-env/G0-canonical/golden-rtl/NCBTransactionAgeMatrix_1.sv /home/eda/xs-env/G0-canonical/golden-rtl/NCBTransactionQueue_1.sv /home/eda/xs-env/G0-canonical/golden-rtl/NCBTransactionPayload_1.sv /home/eda/xs-env/G0-canonical/golden-rtl/NCBUpstreamRXREQ_1.sv /home/eda/xs-env/G0-canonical/golden-rtl/NCBUpstreamRXDAT_1.sv /home/eda/xs-env/G0-canonical/golden-rtl/NCBUpstreamTXRSP_1.sv /home/eda/xs-env/G0-canonical/golden-rtl/NCBUpstreamTXDAT_1.sv /home/eda/xs-env/G0-canonical/golden-rtl/NCBDownstreamAW_1.sv /home/eda/xs-env/G0-canonical/golden-rtl/NCBDownstreamW_1.sv /home/eda/xs-env/G0-canonical/golden-rtl/NCBDownstreamB_1.sv /home/eda/xs-env/G0-canonical/golden-rtl/NCBDownstreamAR_1.sv /home/eda/xs-env/G0-canonical/golden-rtl/NCBDownstreamR_1.sv /home/eda/xs-env/G0-canonical/golden-rtl/CHILinkCreditManagerRX.sv /home/eda/xs-env/G0-canonical/golden-rtl/CHILinkCreditManagerRX_1.sv /home/eda/xs-env/G0-canonical/golden-rtl/CHILinkCreditManagerTX.sv /home/eda/xs-env/G0-canonical/golden-rtl/Decoder.sv /home/eda/xs-env/G0-canonical/golden-rtl/Decoder_1.sv /home/eda/xs-env/G0-canonical/golden-rtl/NCBTransactionIndexFIFO_3.sv /home/eda/xs-env/G0-canonical/golden-rtl/ProvideBuffer.sv /home/eda/xs-env/G0-canonical/golden-rtl/SpillRegister_2.sv /home/eda/xs-env/G0-canonical/golden-rtl/SpillRegister_6.sv /home/eda/xs-env/G0-canonical/golden-rtl/SpillRegister_7.sv" \
FM_MERGE_DUP=false \
FM_VERIFY_MATCHED_UNREAD_COMPARE_POINTS=true \
 \
 \
 \
 \
fm_shell -64 -work_path fm_work/NCB200_1 -file /tmp/tmp.a0odWEVl1n/wt/scripts/fm_eq.tcl \
    > fm_work/NCB200_1/fm.log 2>&1; \
rc=$?; \
if [ -n "$FM_SIDECAR_OUT" ]; then echo $rc > "$FM_SIDECAR_OUT/fm_shell.rc"; fi; \
python3 /tmp/tmp.a0odWEVl1n/wt/scripts/fm_verdict.py fm_work/NCB200_1/fm.log --rc $rc --mode assembly --top NCB200_1 --allowlist ../../signoff/allow/NCB200_1.json
usage: fm_verdict.py [-h] [--rc RC] [--mode MODE] [--top TOP]
                     [--allowlist ALLOWLIST]
                     log
fm_verdict.py: error: argument --allowlist: invalid int value: '../../signoff/allow/NCB200_1.json'
make: *** [../../../scripts/ut_common.mk:60: fm-NCB200_1] Error 2
