=== FM: RenameBuffer (mode=signoff-strict) ===
FM_TOP=RenameBuffer \
FM_MODE=signoff-strict \
FM_REF_SRCS="/home/eda/xs-env/G0-canonical/golden-rtl/RenameBuffer.sv /home/eda/xs-env/G0-canonical/golden-rtl/SnapshotGenerator.sv " \
FM_IMPL_SRCS="/tmp/tmp.xazTlMfoDA/wt/rtl/backend/renamebuffer_pkg.sv /tmp/tmp.xazTlMfoDA/wt/rtl/backend/RenameBuffer.sv /tmp/tmp.xazTlMfoDA/wt/rtl/backend/RenameBuffer_wrapper.sv /home/eda/xs-env/G0-canonical/golden-rtl/SnapshotGenerator.sv" \
 \
FM_VERIFY_MATCHED_UNREAD_COMPARE_POINTS=true \
 \
 \
 \
FM_PIN_TCL=/tmp/tmp.xazTlMfoDA/wt/verif/ut/RenameBuffer/fm_pins.tcl \
 \
 \
 \
fm_shell -64 -work_path fm_work/RenameBuffer -file /tmp/tmp.xazTlMfoDA/wt/scripts/fm_eq.tcl \
    > fm_work/RenameBuffer/fm.log 2>&1; \
rc=$?; \
if [ -n "$FM_SIDECAR_OUT" ]; then echo $rc > "$FM_SIDECAR_OUT/fm_shell.rc"; fi; \
python3 /tmp/tmp.xazTlMfoDA/wt/scripts/fm_verdict.py fm_work/RenameBuffer/fm.log --rc $rc --mode signoff-strict --top RenameBuffer --allowlist 0
PARTIAL	{"passing": 10934, "failing": 0, "unverified": null, "unmatched": 0, "aborted": null, "unread": 7, "blackbox_out": 0, "markers": 1, "make_rc": 0, "mode": "signoff-strict", "native": "SUCCEEDED", "top": "RenameBuffer", "dont_verify": false, "elab147": false, "reason": "strict_unread!=0", "unmatched_ref": 0, "unmatched_impl": 0}
make: *** [../../../scripts/ut_common.mk:60: fm-RenameBuffer] Error 1
