=== FM: SnapshotGenerator_3 (mode=signoff-strict) ===
FM_TOP=SnapshotGenerator_3 \
FM_MODE=signoff-strict \
FM_REF_SRCS="/home/eda/xs-env/G0-canonical/golden-rtl/SnapshotGenerator_3.sv  " \
FM_IMPL_SRCS="/tmp/tmp.VPp1sQhetv/wt/rtl/backend/SnapshotGenerator_3.sv /tmp/tmp.VPp1sQhetv/wt/rtl/backend/SnapshotGenerator_3_wrapper.sv" \
 \
FM_VERIFY_MATCHED_UNREAD_COMPARE_POINTS=false \
 \
 \
 \
 \
 \
 \
 \
fm_shell -64 -work_path fm_work/SnapshotGenerator_3 -file /tmp/tmp.VPp1sQhetv/wt/scripts/fm_eq.tcl \
    > fm_work/SnapshotGenerator_3/fm.log 2>&1; \
rc=$?; \
if [ -n "$FM_SIDECAR_OUT" ]; then echo $rc > "$FM_SIDECAR_OUT/fm_shell.rc"; fi; \
python3 /tmp/tmp.VPp1sQhetv/wt/scripts/fm_verdict.py fm_work/SnapshotGenerator_3/fm.log --rc $rc --mode signoff-strict --top SnapshotGenerator_3 --allowlist 0
SUCCEEDED	{"passing": 82, "failing": 0, "unverified": null, "unmatched": 0, "aborted": null, "unread": null, "blackbox_out": 0, "markers": 1, "make_rc": 0, "mode": "signoff-strict", "native": "SUCCEEDED", "top": "SnapshotGenerator_3", "dont_verify": false, "elab147": false, "reason": null, "unmatched_ref": 0, "unmatched_impl": 0}
