Makefile:36: warning: overriding recipe for target 'simv'
../../../scripts/ut_common.mk:31: warning: ignoring old recipe for target 'simv'
=== FM: TLBNonBlock_2 (mode=signoff-strict) ===
FM_TOP=TLBNonBlock_2 \
FM_MODE=signoff-strict \
FM_REF_SRCS="/home/eda/xs-env/G0-canonical/golden-rtl/TLBNonBlock_2.sv /home/eda/xs-env/G0-canonical/golden-rtl/DelayN_7.sv /home/eda/xs-env/G0-canonical/golden-rtl/DelayN_9.sv /home/eda/xs-env/G0-canonical/golden-rtl/TlbStorageWrapper_3.sv /home/eda/xs-env/G0-canonical/golden-rtl/TLBFA_3.sv " \
FM_IMPL_SRCS="/tmp/tmp.uq1RO5qzfJ/wt/rtl/memblock/tlbnonblock2_pkg.sv /tmp/tmp.uq1RO5qzfJ/wt/rtl/memblock/TLBNonBlock_2.sv /tmp/tmp.uq1RO5qzfJ/wt/rtl/memblock/TLBNonBlock_2_wrapper.sv /home/eda/xs-env/G0-canonical/golden-rtl/DelayN_7.sv /home/eda/xs-env/G0-canonical/golden-rtl/DelayN_9.sv /home/eda/xs-env/G0-canonical/golden-rtl/TlbStorageWrapper_3.sv /home/eda/xs-env/G0-canonical/golden-rtl/TLBFA_3.sv" \
FM_MERGE_DUP=false \
FM_VERIFY_MATCHED_UNREAD_COMPARE_POINTS=true \
 \
 \
 \
 \
fm_shell -64 -work_path fm_work/TLBNonBlock_2 -file /tmp/tmp.uq1RO5qzfJ/wt/scripts/fm_eq.tcl \
    > fm_work/TLBNonBlock_2/fm.log 2>&1; \
rc=$?; \
if [ -n "$FM_SIDECAR_OUT" ]; then echo $rc > "$FM_SIDECAR_OUT/fm_shell.rc"; fi; \
python3 /tmp/tmp.uq1RO5qzfJ/wt/scripts/fm_verdict.py fm_work/TLBNonBlock_2/fm.log --rc $rc --mode signoff-strict --top TLBNonBlock_2 --allowlist 0
PARTIAL	{"passing": 9349, "failing": 0, "unverified": null, "unmatched": 0, "aborted": null, "unread": 4, "blackbox_out": 0, "markers": 1, "make_rc": 0, "mode": "signoff-strict", "native": "SUCCEEDED", "top": "TLBNonBlock_2", "dont_verify": false, "elab147": false, "reason": "strict_unread!=0", "unmatched_ref": 0, "unmatched_impl": 0}
make: *** [../../../scripts/ut_common.mk:60: fm-TLBNonBlock_2] Error 1
