Makefile:41: warning: overriding recipe for target 'simv'
../../../scripts/ut_common.mk:31: warning: ignoring old recipe for target 'simv'
=== FM: TLBNonBlock (mode=signoff-strict) ===
FM_TOP=TLBNonBlock \
FM_MODE=signoff-strict \
FM_REF_SRCS="/home/eda/xs-env/G0-canonical/golden-rtl/TLBNonBlock.sv /home/eda/xs-env/G0-canonical/golden-rtl/DelayN_7.sv /home/eda/xs-env/G0-canonical/golden-rtl/DelayN_9.sv /home/eda/xs-env/G0-canonical/golden-rtl/TlbStorageWrapper_1.sv /home/eda/xs-env/G0-canonical/golden-rtl/TLBFA_1.sv " \
FM_IMPL_SRCS="/tmp/tmp.G75CqE7lqB/wt/rtl/memblock/tlbnonblock_pkg.sv /tmp/tmp.G75CqE7lqB/wt/rtl/memblock/TLBNonBlock.sv /tmp/tmp.G75CqE7lqB/wt/rtl/memblock/TLBNonBlock_wrapper.sv /home/eda/xs-env/G0-canonical/golden-rtl/DelayN_7.sv /home/eda/xs-env/G0-canonical/golden-rtl/DelayN_9.sv /home/eda/xs-env/G0-canonical/golden-rtl/TlbStorageWrapper_1.sv /home/eda/xs-env/G0-canonical/golden-rtl/TLBFA_1.sv" \
FM_MERGE_DUP=false \
FM_VERIFY_MATCHED_UNREAD_COMPARE_POINTS=true \
 \
 \
 \
FM_PIN_TCL=/tmp/tmp.G75CqE7lqB/wt/verif/ut/TLBNonBlock/fm_pins.tcl \
fm_shell -64 -work_path fm_work/TLBNonBlock -file /tmp/tmp.G75CqE7lqB/wt/scripts/fm_eq.tcl \
    > fm_work/TLBNonBlock/fm.log 2>&1; \
rc=$?; \
if [ -n "$FM_SIDECAR_OUT" ]; then echo $rc > "$FM_SIDECAR_OUT/fm_shell.rc"; fi; \
python3 /tmp/tmp.G75CqE7lqB/wt/scripts/fm_verdict.py fm_work/TLBNonBlock/fm.log --rc $rc --mode signoff-strict --top TLBNonBlock --allowlist 0
PARTIAL	{"passing": 11532, "failing": 0, "unverified": null, "unmatched": 0, "aborted": null, "unread": 12, "blackbox_out": 0, "markers": 1, "make_rc": 0, "mode": "signoff-strict", "native": "SUCCEEDED", "top": "TLBNonBlock", "dont_verify": false, "elab147": false, "reason": "strict_unread!=0", "unmatched_ref": 0, "unmatched_impl": 0}
make: *** [../../../scripts/ut_common.mk:60: fm-TLBNonBlock] Error 1
