Compare point u_core/rob/io_exception_valid failed (is not equivalent)
Compare point u_core/decode/io_in_0_bits_foldpc[0] failed (is not equivalent)
Compare point u_core/decode/io_in_0_bits_foldpc[1] failed (is not equivalent)
Compare point u_core/decode/io_in_0_bits_foldpc[2] failed (is not equivalent)
Compare point u_core/decode/io_in_0_bits_foldpc[3] failed (is not equivalent)
Compare point u_core/decode/io_in_0_bits_foldpc[4] failed (is not equivalent)
Compare point u_core/decode/io_in_0_bits_foldpc[5] failed (is not equivalent)
Compare point u_core/decode/io_in_0_bits_foldpc[6] failed (is not equivalent)
Compare point u_core/decode/io_in_0_bits_foldpc[7] failed (is not equivalent)
Compare point u_core/decode/io_in_0_bits_foldpc[8] failed (is not equivalent)
Compare point u_core/decode/io_in_0_bits_foldpc[9] failed (is not equivalent)
Compare point u_core/decode/io_in_1_bits_foldpc[0] failed (is not equivalent)
Compare point u_core/decode/io_in_1_bits_foldpc[1] failed (is not equivalent)
Compare point u_core/decode/io_in_1_bits_foldpc[2] failed (is not equivalent)
Compare point u_core/decode/io_in_1_bits_foldpc[3] failed (is not equivalent)
Compare point u_core/decode/io_in_1_bits_foldpc[4] failed (is not equivalent)
Compare point u_core/decode/io_in_1_bits_foldpc[5] failed (is not equivalent)
Compare point u_core/decode/io_in_1_bits_foldpc[6] failed (is not equivalent)
Compare point u_core/decode/io_in_1_bits_foldpc[7] failed (is not equivalent)
Compare point u_core/decode/io_in_1_bits_foldpc[8] failed (is not equivalent)
