Makefile:37: warning: overriding recipe for target 'simv'
../../../scripts/ut_common.mk:31: warning: ignoring old recipe for target 'simv'
=== FM: TLBNonBlock_1 (mode=signoff-strict) ===
FM_TOP=TLBNonBlock_1 \
FM_MODE=signoff-strict \
FM_REF_SRCS="/home/eda/xs-env/G0-canonical/golden-rtl/TLBNonBlock_1.sv /home/eda/xs-env/G0-canonical/golden-rtl/DelayN_7.sv /home/eda/xs-env/G0-canonical/golden-rtl/DelayN_9.sv /home/eda/xs-env/G0-canonical/golden-rtl/TlbStorageWrapper_2.sv /home/eda/xs-env/G0-canonical/golden-rtl/TLBFA_2.sv " \
FM_IMPL_SRCS="/tmp/tmp.aUOaK3rFlO/wt/rtl/memblock/tlbnonblock1_pkg.sv /tmp/tmp.aUOaK3rFlO/wt/rtl/memblock/TLBNonBlock_1.sv /tmp/tmp.aUOaK3rFlO/wt/rtl/memblock/TLBNonBlock_1_wrapper.sv /home/eda/xs-env/G0-canonical/golden-rtl/DelayN_7.sv /home/eda/xs-env/G0-canonical/golden-rtl/DelayN_9.sv /home/eda/xs-env/G0-canonical/golden-rtl/TlbStorageWrapper_2.sv /home/eda/xs-env/G0-canonical/golden-rtl/TLBFA_2.sv" \
FM_MERGE_DUP=false \
FM_VERIFY_MATCHED_UNREAD_COMPARE_POINTS=true \
 \
 \
 \
 \
fm_shell -64 -work_path fm_work/TLBNonBlock_1 -file /tmp/tmp.aUOaK3rFlO/wt/scripts/fm_eq.tcl \
    > fm_work/TLBNonBlock_1/fm.log 2>&1; \
rc=$?; \
if [ -n "$FM_SIDECAR_OUT" ]; then echo $rc > "$FM_SIDECAR_OUT/fm_shell.rc"; fi; \
python3 /tmp/tmp.aUOaK3rFlO/wt/scripts/fm_verdict.py fm_work/TLBNonBlock_1/fm.log --rc $rc --mode signoff-strict --top TLBNonBlock_1 --allowlist 0
PARTIAL	{"passing": 10033, "failing": 0, "unverified": null, "unmatched": 0, "aborted": null, "unread": 6, "blackbox_out": 0, "markers": 1, "make_rc": 0, "mode": "signoff-strict", "native": "SUCCEEDED", "top": "TLBNonBlock_1", "dont_verify": false, "elab147": false, "reason": "strict_unread!=0", "unmatched_ref": 0, "unmatched_impl": 0}
make: *** [../../../scripts/ut_common.mk:60: fm-TLBNonBlock_1] Error 1
