=== FM: VTypeBuffer (mode=assembly) ===
FM_TOP=VTypeBuffer \
FM_MODE=assembly \
FM_REF_SRCS="/home/eda/xs-env/G0-canonical/golden-rtl/VTypeBuffer.sv  " \
FM_IMPL_SRCS="/tmp/tmp.MFFvmaObNE/wt/rtl/backend/VTypeBuffer.sv /tmp/tmp.MFFvmaObNE/wt/rtl/backend/VTypeBuffer_wrapper.sv" \
FM_MERGE_DUP=false \
FM_VERIFY_MATCHED_UNREAD_COMPARE_POINTS=true \
 \
 \
 \
 \
 \
 \
 \
fm_shell -64 -work_path fm_work/VTypeBuffer -file /tmp/tmp.MFFvmaObNE/wt/scripts/fm_eq.tcl \
    > fm_work/VTypeBuffer/fm.log 2>&1; \
rc=$?; \
if [ -n "$FM_SIDECAR_OUT" ]; then echo $rc > "$FM_SIDECAR_OUT/fm_shell.rc"; fi; \
python3 /tmp/tmp.MFFvmaObNE/wt/scripts/fm_verdict.py fm_work/VTypeBuffer/fm.log --rc $rc --mode assembly --top VTypeBuffer --allowlist 0
SUCCEEDED	{"passing": 407, "failing": 0, "unverified": null, "unmatched": 0, "aborted": null, "unread": null, "blackbox_out": 0, "markers": 1, "make_rc": 0, "mode": "assembly", "native": "SUCCEEDED", "top": "VTypeBuffer", "dont_verify": false, "elab147": false, "reason": null, "unmatched_ref": 0, "unmatched_impl": 0}
