=== FM: NewRobDeqPtrWrapper (mode=signoff-strict) ===
FM_TOP=NewRobDeqPtrWrapper \
FM_MODE=signoff-strict \
FM_REF_SRCS="/home/eda/xs-env/G0-canonical/golden-rtl/NewRobDeqPtrWrapper.sv  " \
FM_IMPL_SRCS="/tmp/tmp.2V02q3vxBF/wt/rtl/backend/newrobdeqptr_pkg.sv /tmp/tmp.2V02q3vxBF/wt/rtl/backend/NewRobDeqPtr.sv /tmp/tmp.2V02q3vxBF/wt/rtl/backend/NewRobDeqPtr_wrapper.sv" \
FM_MERGE_DUP=false \
FM_VERIFY_MATCHED_UNREAD_COMPARE_POINTS=false \
 \
 \
 \
 \
 \
 \
 \
fm_shell -64 -work_path fm_work/NewRobDeqPtrWrapper -file /tmp/tmp.2V02q3vxBF/wt/scripts/fm_eq.tcl \
    > fm_work/NewRobDeqPtrWrapper/fm.log 2>&1; \
rc=$?; \
if [ -n "$FM_SIDECAR_OUT" ]; then echo $rc > "$FM_SIDECAR_OUT/fm_shell.rc"; fi; \
python3 /tmp/tmp.2V02q3vxBF/wt/scripts/fm_verdict.py fm_work/NewRobDeqPtrWrapper/fm.log --rc $rc --mode signoff-strict --top NewRobDeqPtrWrapper --allowlist 0
SUCCEEDED	{"passing": 153, "failing": 0, "unverified": null, "unmatched": 0, "aborted": null, "unread": null, "blackbox_out": 0, "markers": 1, "make_rc": 0, "mode": "signoff-strict", "native": "SUCCEEDED", "top": "NewRobDeqPtrWrapper", "dont_verify": false, "elab147": false, "reason": null, "unmatched_ref": 0, "unmatched_impl": 0}
