=== FM: OpenNCB (mode=assembly) ===
FM_TOP=OpenNCB \
FM_MODE=assembly \
FM_REF_SRCS="/home/eda/xs-env/G0-canonical/golden-rtl/OpenNCB.sv  " \
FM_IMPL_SRCS="/tmp/tmp.apIomJaDAc/wt/rtl/uncore/OpenNCB.sv /tmp/tmp.apIomJaDAc/wt/rtl/uncore/OpenNCB_wrapper.sv" \
 \
FM_VERIFY_MATCHED_UNREAD_COMPARE_POINTS=false \
 \
 \
 \
 \
fm_shell -64 -work_path fm_work/OpenNCB -file /tmp/tmp.apIomJaDAc/wt/scripts/fm_eq.tcl \
    > fm_work/OpenNCB/fm.log 2>&1; \
rc=$?; \
if [ -n "$FM_SIDECAR_OUT" ]; then echo $rc > "$FM_SIDECAR_OUT/fm_shell.rc"; fi; \
python3 /tmp/tmp.apIomJaDAc/wt/scripts/fm_verdict.py fm_work/OpenNCB/fm.log --rc $rc --mode assembly --top OpenNCB --allowlist ../../signoff/allow/OpenNCB.json
usage: fm_verdict.py [-h] [--rc RC] [--mode MODE] [--top TOP]
                     [--allowlist ALLOWLIST]
                     log
fm_verdict.py: error: argument --allowlist: invalid int value: '../../signoff/allow/OpenNCB.json'
make: *** [../../../scripts/ut_common.mk:60: fm-OpenNCB] Error 2
