=== FM: ExceptionGen (mode=signoff-strict) ===
FM_TOP=ExceptionGen \
FM_MODE=signoff-strict \
FM_REF_SRCS="/home/eda/xs-env/G0-canonical/golden-rtl/ExceptionGen.sv  " \
FM_IMPL_SRCS="/tmp/tmp.clrG2gN98O/wt/rtl/backend/ExceptionGen.sv /tmp/tmp.clrG2gN98O/wt/rtl/backend/ExceptionGen_xs.sv /tmp/tmp.clrG2gN98O/wt/rtl/backend/ExceptionGen_wrapper.sv" \
 \
FM_VERIFY_MATCHED_UNREAD_COMPARE_POINTS=false \
 \
 \
 \
 \
 \
 \
 \
fm_shell -64 -work_path fm_work/ExceptionGen -file /tmp/tmp.clrG2gN98O/wt/scripts/fm_eq.tcl \
    > fm_work/ExceptionGen/fm.log 2>&1; \
rc=$?; \
if [ -n "$FM_SIDECAR_OUT" ]; then echo $rc > "$FM_SIDECAR_OUT/fm_shell.rc"; fi; \
python3 /tmp/tmp.clrG2gN98O/wt/scripts/fm_verdict.py fm_work/ExceptionGen/fm.log --rc $rc --mode signoff-strict --top ExceptionGen --allowlist 0
SUCCEEDED	{"passing": 711, "failing": 0, "unverified": null, "unmatched": 0, "aborted": null, "unread": null, "blackbox_out": 0, "markers": 1, "make_rc": 0, "mode": "signoff-strict", "native": "SUCCEEDED", "top": "ExceptionGen", "dont_verify": false, "elab147": false, "reason": null, "unmatched_ref": 0, "unmatched_impl": 0}
